// Jest Snapshot v1, https://goo.gl/fbAQLP

exports[`Pruebas en <GifItem /> Debe hacer match con el Snapshot 1`] = `
<div>
  <div>
    <img
      alt="Saitama"
      height="400"
      src="https://one-punch.com/saitama.jpg"
      width="300"
    />
    <p>
      Saitama
    </p>
  </div>
</div>
`;
